// Jest Snapshot v1, https://goo.gl/fbAQLP

exports[`should render EditExpensePage correctly 1`] = `
<div>
  <ExpenseForm
    expense={
      Object {
        "amount": 200,
        "createdAt": 0,
        "description": "german books",
        "id": "2",
        "note": "some note 2",
      }
    }
    onSubmit={[Function]}
  />
  <button
    onClick={[Function]}
  >
    Remove
  </button>
</div>
`;
